[11-Sep-2026 19:19:56 Asia/Manila] PHP Notice:  Undefined index: logo in C:\xampp\htdocs\dev_e_eguro\src\Views\app\home.php on line 53
[11-Sep-2026 19:19:56 Asia/Manila] PHP Notice:  Undefined index: logo in C:\xampp\htdocs\dev_e_eguro\src\Views\app\home.php on line 53
[11-Sep-2026 19:21:23 Asia/Manila] PHP Warning:  Use of undefined constant DISPLAY_LOGO - assumed 'DISPLAY_LOGO' (this will throw an Error in a future version of PHP) in C:\xampp\htdocs\dev_e_eguro\config\config.php on line 165
[11-Sep-2026 19:21:23 Asia/Manila] PHP Warning:  Use of undefined constant DISPLAY_LOGO - assumed 'DISPLAY_LOGO' (this will throw an Error in a future version of PHP) in C:\xampp\htdocs\dev_e_eguro\config\config.php on line 178
[11-Sep-2026 19:21:23 Asia/Manila] PHP Warning:  Use of undefined constant DISPLAY_LOGO - assumed 'DISPLAY_LOGO' (this will throw an Error in a future version of PHP) in C:\xampp\htdocs\dev_e_eguro\config\config.php on line 165
[11-Sep-2026 19:21:23 Asia/Manila] PHP Warning:  Use of undefined constant DISPLAY_LOGO - assumed 'DISPLAY_LOGO' (this will throw an Error in a future version of PHP) in C:\xampp\htdocs\dev_e_eguro\config\config.php on line 178
[11-Sep-2026 19:23:49 Asia/Manila] PHP Warning:  Use of undefined constant BASE_UPLOAD_LOGO_PATH - assumed 'BASE_UPLOAD_LOGO_PATH' (this will throw an Error in a future version of PHP) in C:\xampp\htdocs\dev_e_eguro\config\config.php on line 145
[11-Sep-2026 19:23:49 Asia/Manila] PHP Warning:  Use of undefined constant BASE_UPLOAD_LOGO_PATH - assumed 'BASE_UPLOAD_LOGO_PATH' (this will throw an Error in a future version of PHP) in C:\xampp\htdocs\dev_e_eguro\config\config.php on line 146
[11-Sep-2026 19:23:49 Asia/Manila] PHP Warning:  Use of undefined constant BASE_UPLOAD_LOGO_PATH - assumed 'BASE_UPLOAD_LOGO_PATH' (this will throw an Error in a future version of PHP) in C:\xampp\htdocs\dev_e_eguro\config\config.php on line 147
[11-Sep-2026 19:23:49 Asia/Manila] PHP Warning:  Use of undefined constant BASE_UPLOAD_LOGO_PATH - assumed 'BASE_UPLOAD_LOGO_PATH' (this will throw an Error in a future version of PHP) in C:\xampp\htdocs\dev_e_eguro\config\config.php on line 148
[11-Sep-2026 19:23:49 Asia/Manila] PHP Warning:  Use of undefined constant BASE_UPLOAD_LOGO_PATH - assumed 'BASE_UPLOAD_LOGO_PATH' (this will throw an Error in a future version of PHP) in C:\xampp\htdocs\dev_e_eguro\config\config.php on line 151
[11-Sep-2026 19:23:49 Asia/Manila] PHP Warning:  Use of undefined constant BASE_UPLOAD_LOGO_PATH - assumed 'BASE_UPLOAD_LOGO_PATH' (this will throw an Error in a future version of PHP) in C:\xampp\htdocs\dev_e_eguro\config\config.php on line 152
[11-Sep-2026 19:23:49 Asia/Manila] PHP Warning:  Use of undefined constant BASE_UPLOAD_LOGO_PATH - assumed 'BASE_UPLOAD_LOGO_PATH' (this will throw an Error in a future version of PHP) in C:\xampp\htdocs\dev_e_eguro\config\config.php on line 155
[11-Sep-2026 19:23:49 Asia/Manila] PHP Warning:  Use of undefined constant BASE_UPLOAD_LOGO_PATH - assumed 'BASE_UPLOAD_LOGO_PATH' (this will throw an Error in a future version of PHP) in C:\xampp\htdocs\dev_e_eguro\config\config.php on line 156
[11-Sep-2026 19:23:49 Asia/Manila] PHP Warning:  Use of undefined constant BASE_UPLOAD_LOGO_PATH - assumed 'BASE_UPLOAD_LOGO_PATH' (this will throw an Error in a future version of PHP) in C:\xampp\htdocs\dev_e_eguro\config\config.php on line 159
[11-Sep-2026 19:23:49 Asia/Manila] PHP Warning:  Use of undefined constant BASE_UPLOAD_IMAGE_PATH - assumed 'BASE_UPLOAD_IMAGE_PATH' (this will throw an Error in a future version of PHP) in C:\xampp\htdocs\dev_e_eguro\config\config.php on line 162
[11-Sep-2026 19:23:49 Asia/Manila] PHP Warning:  Use of undefined constant BASE_UPLOAD_LOGO_PATH - assumed 'BASE_UPLOAD_LOGO_PATH' (this will throw an Error in a future version of PHP) in C:\xampp\htdocs\dev_e_eguro\config\config.php on line 145
[11-Sep-2026 19:23:49 Asia/Manila] PHP Warning:  Use of undefined constant BASE_UPLOAD_LOGO_PATH - assumed 'BASE_UPLOAD_LOGO_PATH' (this will throw an Error in a future version of PHP) in C:\xampp\htdocs\dev_e_eguro\config\config.php on line 146
[11-Sep-2026 19:23:49 Asia/Manila] PHP Warning:  Use of undefined constant BASE_UPLOAD_LOGO_PATH - assumed 'BASE_UPLOAD_LOGO_PATH' (this will throw an Error in a future version of PHP) in C:\xampp\htdocs\dev_e_eguro\config\config.php on line 147
[11-Sep-2026 19:23:49 Asia/Manila] PHP Warning:  Use of undefined constant BASE_UPLOAD_LOGO_PATH - assumed 'BASE_UPLOAD_LOGO_PATH' (this will throw an Error in a future version of PHP) in C:\xampp\htdocs\dev_e_eguro\config\config.php on line 148
[11-Sep-2026 19:23:49 Asia/Manila] PHP Warning:  Use of undefined constant BASE_UPLOAD_LOGO_PATH - assumed 'BASE_UPLOAD_LOGO_PATH' (this will throw an Error in a future version of PHP) in C:\xampp\htdocs\dev_e_eguro\config\config.php on line 151
[11-Sep-2026 19:23:49 Asia/Manila] PHP Warning:  Use of undefined constant BASE_UPLOAD_LOGO_PATH - assumed 'BASE_UPLOAD_LOGO_PATH' (this will throw an Error in a future version of PHP) in C:\xampp\htdocs\dev_e_eguro\config\config.php on line 145
[11-Sep-2026 19:23:49 Asia/Manila] PHP Warning:  Use of undefined constant BASE_UPLOAD_LOGO_PATH - assumed 'BASE_UPLOAD_LOGO_PATH' (this will throw an Error in a future version of PHP) in C:\xampp\htdocs\dev_e_eguro\config\config.php on line 152
[11-Sep-2026 19:23:49 Asia/Manila] PHP Warning:  Use of undefined constant BASE_UPLOAD_LOGO_PATH - assumed 'BASE_UPLOAD_LOGO_PATH' (this will throw an Error in a future version of PHP) in C:\xampp\htdocs\dev_e_eguro\config\config.php on line 146
[11-Sep-2026 19:23:49 Asia/Manila] PHP Warning:  Use of undefined constant BASE_UPLOAD_LOGO_PATH - assumed 'BASE_UPLOAD_LOGO_PATH' (this will throw an Error in a future version of PHP) in C:\xampp\htdocs\dev_e_eguro\config\config.php on line 155
[11-Sep-2026 19:23:49 Asia/Manila] PHP Warning:  Use of undefined constant BASE_UPLOAD_LOGO_PATH - assumed 'BASE_UPLOAD_LOGO_PATH' (this will throw an Error in a future version of PHP) in C:\xampp\htdocs\dev_e_eguro\config\config.php on line 147
[11-Sep-2026 19:23:49 Asia/Manila] PHP Warning:  Use of undefined constant BASE_UPLOAD_LOGO_PATH - assumed 'BASE_UPLOAD_LOGO_PATH' (this will throw an Error in a future version of PHP) in C:\xampp\htdocs\dev_e_eguro\config\config.php on line 156
[11-Sep-2026 19:23:49 Asia/Manila] PHP Warning:  Use of undefined constant BASE_UPLOAD_LOGO_PATH - assumed 'BASE_UPLOAD_LOGO_PATH' (this will throw an Error in a future version of PHP) in C:\xampp\htdocs\dev_e_eguro\config\config.php on line 148
[11-Sep-2026 19:23:49 Asia/Manila] PHP Warning:  Use of undefined constant BASE_UPLOAD_LOGO_PATH - assumed 'BASE_UPLOAD_LOGO_PATH' (this will throw an Error in a future version of PHP) in C:\xampp\htdocs\dev_e_eguro\config\config.php on line 159
[11-Sep-2026 19:23:49 Asia/Manila] PHP Warning:  Use of undefined constant BASE_UPLOAD_LOGO_PATH - assumed 'BASE_UPLOAD_LOGO_PATH' (this will throw an Error in a future version of PHP) in C:\xampp\htdocs\dev_e_eguro\config\config.php on line 151
[11-Sep-2026 19:23:49 Asia/Manila] PHP Warning:  Use of undefined constant BASE_UPLOAD_IMAGE_PATH - assumed 'BASE_UPLOAD_IMAGE_PATH' (this will throw an Error in a future version of PHP) in C:\xampp\htdocs\dev_e_eguro\config\config.php on line 162
[11-Sep-2026 19:23:49 Asia/Manila] PHP Warning:  Use of undefined constant BASE_UPLOAD_LOGO_PATH - assumed 'BASE_UPLOAD_LOGO_PATH' (this will throw an Error in a future version of PHP) in C:\xampp\htdocs\dev_e_eguro\config\config.php on line 152
[11-Sep-2026 19:23:49 Asia/Manila] PHP Warning:  Use of undefined constant BASE_UPLOAD_LOGO_PATH - assumed 'BASE_UPLOAD_LOGO_PATH' (this will throw an Error in a future version of PHP) in C:\xampp\htdocs\dev_e_eguro\config\config.php on line 155
[11-Sep-2026 19:23:49 Asia/Manila] PHP Warning:  Use of undefined constant BASE_UPLOAD_LOGO_PATH - assumed 'BASE_UPLOAD_LOGO_PATH' (this will throw an Error in a future version of PHP) in C:\xampp\htdocs\dev_e_eguro\config\config.php on line 156
[11-Sep-2026 19:23:49 Asia/Manila] PHP Warning:  Use of undefined constant BASE_UPLOAD_LOGO_PATH - assumed 'BASE_UPLOAD_LOGO_PATH' (this will throw an Error in a future version of PHP) in C:\xampp\htdocs\dev_e_eguro\config\config.php on line 159
[11-Sep-2026 19:23:49 Asia/Manila] PHP Warning:  Use of undefined constant BASE_UPLOAD_IMAGE_PATH - assumed 'BASE_UPLOAD_IMAGE_PATH' (this will throw an Error in a future version of PHP) in C:\xampp\htdocs\dev_e_eguro\config\config.php on line 162
[11-Sep-2026 19:23:50 Asia/Manila] PHP Warning:  mysqli_connect(): (HY000/1049): Unknown database 'e_e_dev_eguro' in C:\xampp\htdocs\dev_e_eguro\src\Database\connect.php on line 12
[11-Sep-2026 19:23:50 Asia/Manila] Failed to connect to Database: Unknown database 'e_e_dev_eguro'
[11-Sep-2026 19:23:50 Asia/Manila] PHP Warning:  Use of undefined constant BASE_UPLOAD_LOGO_PATH - assumed 'BASE_UPLOAD_LOGO_PATH' (this will throw an Error in a future version of PHP) in C:\xampp\htdocs\dev_e_eguro\config\config.php on line 145
[11-Sep-2026 19:23:50 Asia/Manila] PHP Warning:  Use of undefined constant BASE_UPLOAD_LOGO_PATH - assumed 'BASE_UPLOAD_LOGO_PATH' (this will throw an Error in a future version of PHP) in C:\xampp\htdocs\dev_e_eguro\config\config.php on line 146
[11-Sep-2026 19:23:50 Asia/Manila] PHP Warning:  Use of undefined constant BASE_UPLOAD_LOGO_PATH - assumed 'BASE_UPLOAD_LOGO_PATH' (this will throw an Error in a future version of PHP) in C:\xampp\htdocs\dev_e_eguro\config\config.php on line 147
[11-Sep-2026 19:23:50 Asia/Manila] PHP Warning:  Use of undefined constant BASE_UPLOAD_LOGO_PATH - assumed 'BASE_UPLOAD_LOGO_PATH' (this will throw an Error in a future version of PHP) in C:\xampp\htdocs\dev_e_eguro\config\config.php on line 148
[11-Sep-2026 19:23:50 Asia/Manila] PHP Warning:  Use of undefined constant BASE_UPLOAD_LOGO_PATH - assumed 'BASE_UPLOAD_LOGO_PATH' (this will throw an Error in a future version of PHP) in C:\xampp\htdocs\dev_e_eguro\config\config.php on line 151
[11-Sep-2026 19:23:50 Asia/Manila] PHP Warning:  Use of undefined constant BASE_UPLOAD_LOGO_PATH - assumed 'BASE_UPLOAD_LOGO_PATH' (this will throw an Error in a future version of PHP) in C:\xampp\htdocs\dev_e_eguro\config\config.php on line 152
[11-Sep-2026 19:23:50 Asia/Manila] PHP Warning:  Use of undefined constant BASE_UPLOAD_LOGO_PATH - assumed 'BASE_UPLOAD_LOGO_PATH' (this will throw an Error in a future version of PHP) in C:\xampp\htdocs\dev_e_eguro\config\config.php on line 155
[11-Sep-2026 19:23:50 Asia/Manila] PHP Warning:  Use of undefined constant BASE_UPLOAD_LOGO_PATH - assumed 'BASE_UPLOAD_LOGO_PATH' (this will throw an Error in a future version of PHP) in C:\xampp\htdocs\dev_e_eguro\config\config.php on line 156
[11-Sep-2026 19:23:50 Asia/Manila] PHP Warning:  Use of undefined constant BASE_UPLOAD_LOGO_PATH - assumed 'BASE_UPLOAD_LOGO_PATH' (this will throw an Error in a future version of PHP) in C:\xampp\htdocs\dev_e_eguro\config\config.php on line 159
[11-Sep-2026 19:23:50 Asia/Manila] PHP Warning:  Use of undefined constant BASE_UPLOAD_IMAGE_PATH - assumed 'BASE_UPLOAD_IMAGE_PATH' (this will throw an Error in a future version of PHP) in C:\xampp\htdocs\dev_e_eguro\config\config.php on line 162
[11-Sep-2026 19:24:25 Asia/Manila] PHP Warning:  Use of undefined constant FAVICON - assumed 'FAVICON' (this will throw an Error in a future version of PHP) in C:\xampp\htdocs\dev_e_eguro\src\Views\Layouts\app\link.php on line 12
[11-Sep-2026 19:24:25 Asia/Manila] PHP Warning:  Use of undefined constant FAVICON - assumed 'FAVICON' (this will throw an Error in a future version of PHP) in C:\xampp\htdocs\dev_e_eguro\src\Views\Layouts\app\link.php on line 13
[11-Sep-2026 19:24:25 Asia/Manila] PHP Warning:  Use of undefined constant LOGO - assumed 'LOGO' (this will throw an Error in a future version of PHP) in C:\xampp\htdocs\dev_e_eguro\src\Views\Layouts\app\header.php on line 15
[11-Sep-2026 19:25:07 Asia/Manila] PHP Notice:  Constant DISPLAY_LOGO already defined in C:\xampp\htdocs\dev_e_eguro\config\config.php on line 368
[14-Sep-2026 09:31:46 Asia/Manila] PHP Warning:  mysqli_connect(): (HY000/1049): Unknown database 'e_e_dev_eguro' in C:\xampp\htdocs\dev_e_eguro\src\Database\connect.php on line 12
[14-Sep-2026 09:31:46 Asia/Manila] Failed to connect to Database: Unknown database 'e_e_dev_eguro'
[14-Sep-2026 10:22:12 Asia/Manila] PHP Warning:  mysqli_connect(): (HY000/1049): Unknown database 'e_e_dev_eguro' in C:\xampp\htdocs\dev_e_eguro\src\Database\connect.php on line 12
[14-Sep-2026 10:22:12 Asia/Manila] Failed to connect to Database: Unknown database 'e_e_dev_eguro'
[14-Sep-2026 10:26:26 Asia/Manila] PHP Warning:  mysqli_connect(): (HY000/1049): Unknown database 'e_e_dev_eguro' in C:\xampp\htdocs\dev_e_eguro\src\Database\connect.php on line 12
[14-Sep-2026 10:26:26 Asia/Manila] Failed to connect to Database: Unknown database 'e_e_dev_eguro'
